{
  "version": "1.5.0",
  "plugins_used": [
    {
      "name": "ArtifactoryDetector"
    },
    {
      "name": "AWSKeyDetector"
    },
    {
      "name": "AzureStorageKeyDetector"
    },
    {
      "name": "Base64HighEntropyString",
      "limit": 4.5
    },
    {
      "name": "BasicAuthDetector"
    },
    {
      "name": "CloudantDetector"
    },
    {
      "name": "DiscordBotTokenDetector"
    },
    {
      "name": "GitHubTokenDetector"
    },
    {
      "name": "GitLabTokenDetector"
    },
    {
      "name": "HexHighEntropyString",
      "limit": 3.0
    },
    {
      "name": "IbmCloudIamDetector"
    },
    {
      "name": "IbmCosHmacDetector"
    },
    {
      "name": "IPPublicDetector"
    },
    {
      "name": "JwtTokenDetector"
    },
    {
      "name": "KeywordDetector",
      "keyword_exclude": ""
    },
    {
      "name": "MailchimpDetector"
    },
    {
      "name": "NpmDetector"
    },
    {
      "name": "OpenAIDetector"
    },
    {
      "name": "PrivateKeyDetector"
    },
    {
      "name": "PypiTokenDetector"
    },
    {
      "name": "SendGridDetector"
    },
    {
      "name": "SlackDetector"
    },
    {
      "name": "SoftlayerDetector"
    },
    {
      "name": "SquareOAuthDetector"
    },
    {
      "name": "StripeDetector"
    },
    {
      "name": "TelegramBotTokenDetector"
    },
    {
      "name": "TwilioKeyDetector"
    }
  ],
  "filters_used": [
    {
      "path": "detect_secrets.filters.allowlist.is_line_allowlisted"
    },
    {
      "path": "detect_secrets.filters.common.is_ignored_due_to_verification_policies",
      "min_level": 2
    },
    {
      "path": "detect_secrets.filters.heuristic.is_indirect_reference"
    },
    {
      "path": "detect_secrets.filters.heuristic.is_likely_id_string"
    },
    {
      "path": "detect_secrets.filters.heuristic.is_lock_file"
    },
    {
      "path": "detect_secrets.filters.heuristic.is_not_alphanumeric_string"
    },
    {
      "path": "detect_secrets.filters.heuristic.is_potential_uuid"
    },
    {
      "path": "detect_secrets.filters.heuristic.is_prefixed_with_dollar_sign"
    },
    {
      "path": "detect_secrets.filters.heuristic.is_sequential_string"
    },
    {
      "path": "detect_secrets.filters.heuristic.is_swagger_file"
    },
    {
      "path": "detect_secrets.filters.heuristic.is_templated_secret"
    }
  ],
  "results": {
    "backend\\.env_example": [
      {
        "type": "Basic Auth Credentials",
        "filename": "backend\\.env_example",
        "hashed_secret": "8f4b3e1730c943a17c8c49bb7960744335029369",
        "is_verified": false,
        "line_number": 1
      }
    ],
    "backend\\alembic.ini": [
      {
        "type": "Basic Auth Credentials",
        "filename": "backend\\alembic.ini",
        "hashed_secret": "9d4e1e23bd5b727046a9e3b4b7db57bd8d6ee684",
        "is_verified": false,
        "line_number": 87
      }
    ],
    "backend\\alembic\\versions\\2025_11_29_0900-5f8b401e2873_field_work_schedule_for_company.py": [
      {
        "type": "Hex High Entropy String",
        "filename": "backend\\alembic\\versions\\2025_11_29_0900-5f8b401e2873_field_work_schedule_for_company.py",
        "hashed_secret": "329aa50940a35018c7274c24674b0c0d13ea166b",
        "is_verified": false,
        "line_number": 15
      }
    ],
    "backend\\alembic\\versions\\2025_11_29_2104-6c83152d5ae1_field_booking_url_company_model.py": [
      {
        "type": "Hex High Entropy String",
        "filename": "backend\\alembic\\versions\\2025_11_29_2104-6c83152d5ae1_field_booking_url_company_model.py",
        "hashed_secret": "df1d806e6c3163b46e5503e6c8faa96661762e53",
        "is_verified": false,
        "line_number": 15
      }
    ],
    "backend\\alembic\\versions\\2025_11_30_0135-db38ab285980_name_not_unique_service_model.py": [
      {
        "type": "Hex High Entropy String",
        "filename": "backend\\alembic\\versions\\2025_11_30_0135-db38ab285980_name_not_unique_service_model.py",
        "hashed_secret": "6eb7f7f4c8793548700b466eaff2876318e79e08",
        "is_verified": false,
        "line_number": 15
      }
    ],
    "backend\\alembic\\versions\\2025_12_14_1625-e51f0633439b_booking_status.py": [
      {
        "type": "Hex High Entropy String",
        "filename": "backend\\alembic\\versions\\2025_12_14_1625-e51f0633439b_booking_status.py",
        "hashed_secret": "ba7a06d84636a178230e0d383363e59317f8a109",
        "is_verified": false,
        "line_number": 15
      }
    ],
    "backend\\core\\config.py": [
      {
        "type": "Basic Auth Credentials",
        "filename": "backend\\core\\config.py",
        "hashed_secret": "2b6190c3fa367fd251c366b5ff9344165833efd7",
        "is_verified": false,
        "line_number": 46
      }
    ],
    "backend\\tests\\alembic.ini": [
      {
        "type": "Basic Auth Credentials",
        "filename": "backend\\tests\\alembic.ini",
        "hashed_secret": "9d4e1e23bd5b727046a9e3b4b7db57bd8d6ee684",
        "is_verified": false,
        "line_number": 87
      }
    ],
    "backend\\tests\\conftest.py": [
      {
        "type": "Secret Keyword",
        "filename": "backend\\tests\\conftest.py",
        "hashed_secret": "23c2a8e7e4bb64936c3a33a3fda4e1b028751b9f",
        "is_verified": false,
        "line_number": 89
      }
    ],
    "backend\\tests\\test_company\\test_auth\\conftest.py": [
      {
        "type": "Secret Keyword",
        "filename": "backend\\tests\\test_company\\test_auth\\conftest.py",
        "hashed_secret": "0d0c65e86c444a039b7cadc6f83ee3708cdb9660",
        "is_verified": false,
        "line_number": 22
      },
      {
        "type": "Secret Keyword",
        "filename": "backend\\tests\\test_company\\test_auth\\conftest.py",
        "hashed_secret": "f868eae19d46d7de04bec6c9a971529347ef148d",
        "is_verified": false,
        "line_number": 78
      }
    ],
    "backend\\tests\\test_company\\test_settings_company\\conftest.py": [
      {
        "type": "Secret Keyword",
        "filename": "backend\\tests\\test_company\\test_settings_company\\conftest.py",
        "hashed_secret": "23c2a8e7e4bb64936c3a33a3fda4e1b028751b9f",
        "is_verified": false,
        "line_number": 20
      }
    ],
    "docker-compose.yml": [
      {
        "type": "Secret Keyword",
        "filename": "docker-compose.yml",
        "hashed_secret": "8f4b3e1730c943a17c8c49bb7960744335029369",
        "is_verified": false,
        "line_number": 38
      },
      {
        "type": "Secret Keyword",
        "filename": "docker-compose.yml",
        "hashed_secret": "2b6190c3fa367fd251c366b5ff9344165833efd7",
        "is_verified": false,
        "line_number": 52
      }
    ]
  },
  "generated_at": "2026-05-12T15:35:32Z"
}
